AR hb_fa hb D:/Develop/Circuit/full_cal/FULL_CAL.vhd sub00/vhpl01 1491285304
EN hb_fa NULL D:/Develop/Circuit/full_cal/FULL_CAL.vhd sub00/vhpl00 1491285303
EN hb_ha NULL D:/Develop/Circuit/half_add/cal.vhd sub00/vhpl02 1491285301
AR hb_ha hb D:/Develop/Circuit/half_add/cal.vhd sub00/vhpl03 1491285302
EN tb_hb_fa NULL D:/Develop/Circuit/full_cal/TB_FULL_CAL.vhd sub00/vhpl04 1491285305
AR tb_hb_fa hb D:/Develop/Circuit/full_cal/TB_FULL_CAL.vhd sub00/vhpl05 1491285306
