EN tb_hb_38decoder NULL D:/Develop/Circuit/Decoder/TB_DECODER.vhd sub00/vhpl02 1491287747
EN hb_38decoder NULL D:/Develop/Circuit/Decoder/DECODER.vhd sub00/vhpl00 1491287745
AR tb_hb_38decoder hb D:/Develop/Circuit/Decoder/TB_DECODER.vhd sub00/vhpl03 1491287748
AR hb_38decoder hb D:/Develop/Circuit/Decoder/DECODER.vhd sub00/vhpl01 1491287746
