AR tb_hb_ha hb D:/Develop/Circuit/Half_Cal/TB_HALF_CAL.vhd sub00/vhpl03 1490681273
EN hb_ha NULL D:/Develop/Circuit/Half_Cal/Half_Cal.vhd sub00/vhpl00 1490681270
AR hb_ha hb D:/Develop/Circuit/Half_Cal/Half_Cal.vhd sub00/vhpl01 1490681271
EN tb_hb_ha NULL D:/Develop/Circuit/Half_Cal/TB_HALF_CAL.vhd sub00/vhpl02 1490681272
