V3 7
FL D:/Develop/Circuit/Half_Cal/Half_Cal.vhd 2017/03/28.15:07:47 P.20131013
EN work/HB_HA 1490681270 FL D:/Develop/Circuit/Half_Cal/Half_Cal.vhd
AR work/HB_HA/HB 1490681271 \
      FL D:/Develop/Circuit/Half_Cal/Half_Cal.vhd EN work/HB_HA 1490681270
FL D:/Develop/Circuit/Half_Cal/TB_HALF_CAL.vhd 2017/03/28.15:07:23 P.20131013
EN work/TB_HB_HA 1490681272 FL D:/Develop/Circuit/Half_Cal/TB_HALF_CAL.vhd \
      PB ieee/std_logic_1164 1381692176 PB ieee/STD_LOGIC_UNSIGNED 1381692179
AR work/TB_HB_HA/HB 1490681273 \
      FL D:/Develop/Circuit/Half_Cal/TB_HALF_CAL.vhd EN work/TB_HB_HA 1490681272 \
      CP HB_HA
