AR hb_83encoder hb D:/Develop/Circuit/ENCODER/ENCDOER.vhd sub00/vhpl01 1492490902
EN tb_hb_83encoder NULL D:/Develop/Circuit/ENCODER/TB_ENCODER.vhd sub00/vhpl02 1492490903
EN hb_83encoder NULL D:/Develop/Circuit/ENCODER/ENCDOER.vhd sub00/vhpl00 1492490901
AR tb_hb_83encoder hb D:/Develop/Circuit/ENCODER/TB_ENCODER.vhd sub00/vhpl03 1492490904
