AR hb_83encoder hb D:/Develop/Circuit/ENCODER/ENCDOER.vhd sub00/vhpl01 1491288661
EN tb_hb_83encoder NULL D:/Develop/Circuit/ENCODER/TB_ENCODER.vhd sub00/vhpl02 1491288662
EN hb_83encoder NULL D:/Develop/Circuit/ENCODER/ENCDOER.vhd sub00/vhpl00 1491288660
AR tb_hb_83encoder hb D:/Develop/Circuit/ENCODER/TB_ENCODER.vhd sub00/vhpl03 1491288663
